---
http_interactions:
- request:
    method: get
    uri: https://mixpanel.com/api/2.0/funnels?api_key=<MIXPANEL_KEY>&expire=1371655510&format=json&from_date=2013-06-12&funnel_id=<MIXPANEL_FUNNEL>&interval=1&sig=822d5273993b8b06e71358246bfa2d6f&to_date=2013-06-18
    body:
      encoding: US-ASCII
      string: ''
    headers:
      Accept:
      - ! '*/*'
      User-Agent:
      - Ruby
  response:
    status:
      code: 200
      message: OK
    headers:
      Server:
      - nginx/1.1.19
      Date:
      - Wed, 19 Jun 2013 15:15:10 GMT
      Content-Type:
      - application/json
      Content-Length:
      - '3161'
      Connection:
      - keep-alive
      Vary:
      - Accept-Encoding
      Cache-Control:
      - no-cache, no-store
    body:
      encoding: US-ASCII
      string: ! '{"meta": {"dates": ["2013-06-12", "2013-06-13", "2013-06-14", "2013-06-15",
        "2013-06-16", "2013-06-17", "2013-06-18"]}, "data": {"2013-06-17": {"steps":
        [{"count": 848, "step_conv_ratio": 1, "goal": "Opened LinkedIn Email", "overall_conv_ratio":
        1, "avg_time": null, "event": "Opened LinkedIn Email"}, {"count": 29, "step_conv_ratio":
        0.03419811320754717, "goal": "Viewed JCA Stream", "overall_conv_ratio": 0.03419811320754717,
        "avg_time": 25755, "event": "Viewed JCA Stream"}], "analysis": {"completion":
        29, "starting_amount": 848, "steps": 2, "worst": 1}}, "2013-06-16": {"steps":
        [{"count": 571, "step_conv_ratio": 1, "goal": "Opened LinkedIn Email", "overall_conv_ratio":
        1, "avg_time": null, "event": "Opened LinkedIn Email"}, {"count": 14, "step_conv_ratio":
        0.024518388791593695, "goal": "Viewed JCA Stream", "overall_conv_ratio": 0.024518388791593695,
        "avg_time": 109055, "event": "Viewed JCA Stream"}], "analysis": {"completion":
        14, "starting_amount": 571, "steps": 2, "worst": 1}}, "2013-06-15": {"steps":
        [{"count": 776, "step_conv_ratio": 1, "goal": "Opened LinkedIn Email", "overall_conv_ratio":
        1, "avg_time": null, "event": "Opened LinkedIn Email"}, {"count": 20, "step_conv_ratio":
        0.02577319587628866, "goal": "Viewed JCA Stream", "overall_conv_ratio": 0.02577319587628866,
        "avg_time": 195452, "event": "Viewed JCA Stream"}], "analysis": {"completion":
        20, "starting_amount": 776, "steps": 2, "worst": 1}}, "2013-06-14": {"steps":
        [{"count": 901, "step_conv_ratio": 1, "goal": "Opened LinkedIn Email", "overall_conv_ratio":
        1, "avg_time": null, "event": "Opened LinkedIn Email"}, {"count": 35, "step_conv_ratio":
        0.038845726970033294, "goal": "Viewed JCA Stream", "overall_conv_ratio": 0.038845726970033294,
        "avg_time": 148191, "event": "Viewed JCA Stream"}], "analysis": {"completion":
        35, "starting_amount": 901, "steps": 2, "worst": 1}}, "2013-06-13": {"steps":
        [{"count": 959, "step_conv_ratio": 1, "goal": "Opened LinkedIn Email", "overall_conv_ratio":
        1, "avg_time": null, "event": "Opened LinkedIn Email"}, {"count": 44, "step_conv_ratio":
        0.045881126173096975, "goal": "Viewed JCA Stream", "overall_conv_ratio": 0.045881126173096975,
        "avg_time": 197465, "event": "Viewed JCA Stream"}], "analysis": {"completion":
        44, "starting_amount": 959, "steps": 2, "worst": 1}}, "2013-06-12": {"steps":
        [{"count": 980, "step_conv_ratio": 1, "goal": "Opened LinkedIn Email", "overall_conv_ratio":
        1, "avg_time": null, "event": "Opened LinkedIn Email"}, {"count": 41, "step_conv_ratio":
        0.04183673469387755, "goal": "Viewed JCA Stream", "overall_conv_ratio": 0.04183673469387755,
        "avg_time": 206732, "event": "Viewed JCA Stream"}], "analysis": {"completion":
        41, "starting_amount": 980, "steps": 2, "worst": 1}}, "2013-06-18": {"steps":
        [{"count": 1071, "step_conv_ratio": 1, "goal": "Opened LinkedIn Email", "overall_conv_ratio":
        1, "avg_time": null, "event": "Opened LinkedIn Email"}, {"count": 23, "step_conv_ratio":
        0.021475256769374416, "goal": "Viewed JCA Stream", "overall_conv_ratio": 0.021475256769374416,
        "avg_time": 15241, "event": "Viewed JCA Stream"}], "analysis": {"completion":
        23, "starting_amount": 1071, "steps": 2, "worst": 1}}}}'
    http_version: 
  recorded_at: Wed, 19 Jun 2013 15:15:10 GMT
- request:
    method: get
    uri: https://mixpanel.com/api/2.0/funnels?api_key=<MIXPANEL_KEY>&expire=1371655958&format=json&from_date=2013-05-01&funnel_id=<MIXPANEL_FUNNEL>&interval=7&sig=1d9e9bb9e518724bd091831b21c80f61&to_date=2013-06-18
    body:
      encoding: US-ASCII
      string: ''
    headers:
      Accept:
      - ! '*/*'
      User-Agent:
      - Ruby
  response:
    status:
      code: 200
      message: OK
    headers:
      Server:
      - nginx/1.1.19
      Date:
      - Wed, 19 Jun 2013 15:22:39 GMT
      Content-Type:
      - application/json
      Content-Length:
      - '2939'
      Connection:
      - keep-alive
      Vary:
      - Accept-Encoding
      Cache-Control:
      - no-cache, no-store
    body:
      encoding: US-ASCII
      string: ! '{"meta": {"dates": ["2013-05-01", "2013-05-08", "2013-05-15", "2013-05-22",
        "2013-05-29", "2013-06-05", "2013-06-12"]}, "data": {"2013-05-15": {"steps":
        [{"count": 0, "step_conv_ratio": 1, "goal": "Opened LinkedIn Email", "overall_conv_ratio":
        1, "avg_time": null, "event": "Opened LinkedIn Email"}, {"count": 0, "step_conv_ratio":
        0, "goal": "Viewed JCA Stream", "overall_conv_ratio": 0, "avg_time": null,
        "event": "Viewed JCA Stream"}], "analysis": {"completion": 0, "starting_amount":
        0, "steps": 2, "worst": 1}}, "2013-05-01": {"steps": [{"count": 0, "step_conv_ratio":
        1, "goal": "Opened LinkedIn Email", "overall_conv_ratio": 1, "avg_time": null,
        "event": "Opened LinkedIn Email"}, {"count": 0, "step_conv_ratio": 0, "goal":
        "Viewed JCA Stream", "overall_conv_ratio": 0, "avg_time": null, "event": "Viewed
        JCA Stream"}], "analysis": {"completion": 0, "starting_amount": 0, "steps":
        2, "worst": 1}}, "2013-06-12": {"steps": [{"count": 1842, "step_conv_ratio":
        1, "goal": "Opened LinkedIn Email", "overall_conv_ratio": 1, "avg_time": null,
        "event": "Opened LinkedIn Email"}, {"count": 77, "step_conv_ratio": 0.041802388707926165,
        "goal": "Viewed JCA Stream", "overall_conv_ratio": 0.041802388707926165, "avg_time":
        131583, "event": "Viewed JCA Stream"}], "analysis": {"completion": 77, "starting_amount":
        1842, "steps": 2, "worst": 1}}, "2013-05-08": {"steps": [{"count": 0, "step_conv_ratio":
        1, "goal": "Opened LinkedIn Email", "overall_conv_ratio": 1, "avg_time": null,
        "event": "Opened LinkedIn Email"}, {"count": 0, "step_conv_ratio": 0, "goal":
        "Viewed JCA Stream", "overall_conv_ratio": 0, "avg_time": null, "event": "Viewed
        JCA Stream"}], "analysis": {"completion": 0, "starting_amount": 0, "steps":
        2, "worst": 1}}, "2013-05-29": {"steps": [{"count": 0, "step_conv_ratio":
        1, "goal": "Opened LinkedIn Email", "overall_conv_ratio": 1, "avg_time": null,
        "event": "Opened LinkedIn Email"}, {"count": 0, "step_conv_ratio": 0, "goal":
        "Viewed JCA Stream", "overall_conv_ratio": 0, "avg_time": null, "event": "Viewed
        JCA Stream"}], "analysis": {"completion": 0, "starting_amount": 0, "steps":
        2, "worst": 1}}, "2013-05-22": {"steps": [{"count": 0, "step_conv_ratio":
        1, "goal": "Opened LinkedIn Email", "overall_conv_ratio": 1, "avg_time": null,
        "event": "Opened LinkedIn Email"}, {"count": 0, "step_conv_ratio": 0, "goal":
        "Viewed JCA Stream", "overall_conv_ratio": 0, "avg_time": null, "event": "Viewed
        JCA Stream"}], "analysis": {"completion": 0, "starting_amount": 0, "steps":
        2, "worst": 1}}, "2013-06-05": {"steps": [{"count": 1588, "step_conv_ratio":
        1, "goal": "Opened LinkedIn Email", "overall_conv_ratio": 1, "avg_time": null,
        "event": "Opened LinkedIn Email"}, {"count": 82, "step_conv_ratio": 0.05163727959697733,
        "goal": "Viewed JCA Stream", "overall_conv_ratio": 0.05163727959697733, "avg_time":
        415671, "event": "Viewed JCA Stream"}], "analysis": {"completion": 82, "starting_amount":
        1588, "steps": 2, "worst": 1}}}}'
    http_version: 
  recorded_at: Wed, 19 Jun 2013 15:22:39 GMT
- request:
    method: get
    uri: https://mixpanel.com/api/2.0/engage?api_key=<MIXPANEL_KEY>&expire=1371678036&format=json&sig=a8b7467cf6d394ac8cd336500a55be4b&where=properties%5B%22$last_seen%22%5D%20%3E%20%222013-06-18T17:30:36%22
    body:
      encoding: US-ASCII
      string: ''
    headers:
      Accept:
      - ! '*/*'
      User-Agent:
      - Ruby
  response:
    status:
      code: 200
      message: OK
    headers:
      Server:
      - nginx/1.1.19
      Date:
      - Wed, 19 Jun 2013 21:30:36 GMT
      Content-Type:
      - application/json
      Transfer-Encoding:
      - chunked
      Connection:
      - keep-alive
      Vary:
      - Accept-Encoding
      Cache-Control:
      - no-cache, no-store
    body:
      encoding: US-ASCII
      string: ! '{"status":"ok","session_id":"1371677436-EHunku","page":0,"page_size":1000,"total":54,"results":[{"$distinct_id":"user.linkedin:river$3752","$properties":{"$email":"darren@radius.com","$first_name":"Darren","$last_name":"Waddell","crm":null,"pro":false,"send_emails":true,"$last_seen":"2013-06-19T14:34:48"}},{"$distinct_id":"user.linkedin:river$1143","$properties":{"$email":"bjones@keyconnections.co.za","$first_name":"Brett","$last_name":"Jones","crm":null,"pro":false,"send_emails":true,"$last_seen":"2013-06-19T08:14:40"}},{"$distinct_id":"user.linkedin:river$3735","$properties":{"$email":"ed@kentlyons.com","$first_name":"Edward","$last_name":"Smallman","crm":null,"pro":false,"send_emails":true,"$last_seen":"2013-06-19T04:59:32"}},{"$distinct_id":"user.linkedin:river$1801","$properties":{"$email":"asmoller@achieveit.com","$first_name":"Adam","$last_name":"Smoller","crm":null,"pro":false,"send_emails":false,"$last_seen":"2013-06-19T08:05:53"}},{"$distinct_id":"user.linkedin:river$3484","$properties":{"$email":"jgradt@demandforesight.com","$first_name":"June","$last_name":"Shaw","crm":null,"pro":false,"send_emails":true,"$last_seen":"2013-06-18T19:53:14"}},{"$distinct_id":"user.linkedin:river$3599","$properties":{"$email":"rob.forman@<SENDGRID_USER>.com","$first_name":"Rob","$last_name":"Forman","crm":true,"pro":false,"send_emails":true,"$last_seen":"2013-06-19T16:19:21"}},{"$distinct_id":"user.linkedin:river$3733","$properties":{"$email":"jaci@brandrusso.com","$first_name":"Jaci","$last_name":"Russo","crm":null,"pro":false,"send_emails":true,"$last_seen":"2013-06-19T00:40:06"}},{"$distinct_id":"user.linkedin:river$3756","$properties":{"$email":"audrey.brasuell@cbeyond.com","$first_name":"Audrey","$last_name":"Brasuell","crm":null,"pro":false,"send_emails":true,"$last_seen":"2013-06-19T15:42:54"}},{"$distinct_id":"user.linkedin:river$3743","$properties":{"$email":"e.rideout@ehrideout.com","$first_name":"Earl
        H.","$last_name":"Rideout","crm":null,"pro":false,"send_emails":true,"$last_seen":"2013-06-19T10:15:49"}},{"$distinct_id":"user.linkedin:river$3489","$properties":{"$email":"rmadden@sibex.com","$first_name":"Robert","$last_name":"Madden","crm":null,"pro":false,"send_emails":true,"$last_seen":"2013-06-19T08:27:14"}},{"$distinct_id":"user.linkedin:river$2051","$properties":{"$email":"cdavis@hornsolutions.net","$first_name":"Cyndy","$last_name":"Davis
        SPHR (281-207-7702)","crm":null,"pro":false,"send_emails":true,"$last_seen":"2013-06-18T17:43:13"}},{"$distinct_id":"user.linkedin:river$3051","$properties":{"$email":"brandt@launchleads.com","$first_name":"Brandt
        ''Bubba''","$last_name":"Page","crm":true,"pro":false,"send_emails":true,"$last_seen":"2013-06-19T08:42:55"}},{"$distinct_id":"user.linkedin:river$3737","$properties":{"$email":"linkedin3@<SENDGRID_USER>.com","$first_name":"K","$last_name":"P","crm":null,"pro":false,"send_emails":true,"$last_seen":"2013-06-19T09:20:08"}},{"$distinct_id":"user.linkedin:river$1809","$properties":{"$email":"chris.heaton@engeniusmicro.com","$first_name":"Chris","$last_name":"Heaton","crm":null,"pro":false,"send_emails":true,"$last_seen":"2013-06-19T08:05:53"}},{"$distinct_id":"user.linkedin:river$580","$properties":{"$email":"wpridgen@mdigroup.com","$first_name":"Windham","$last_name":"Pridgen","crm":null,"pro":false,"send_emails":true,"$last_seen":"2013-06-19T11:21:03"}},{"$distinct_id":"user.linkedin:river$3704","$properties":{"$email":"bbornancin@fathomdelivers.com","$first_name":"Brandon","$last_name":"Bornancin","crm":true,"pro":false,"send_emails":true,"$last_seen":"2013-06-19T08:10:03"}},{"$distinct_id":"user.linkedin:river$115","$properties":{"$email":"athaker@neomarketing.com","$first_name":"Anand","$last_name":"Thaker","crm":true,"pro":false,"send_emails":true,"$last_seen":"2013-06-19T11:05:03"}},{"$distinct_id":"user.linkedin:river$3673","$properties":{"$email":"jon@thegood.com","$first_name":"Jon","$last_name":"MacDonald","crm":true,"pro":false,"send_emails":true,"$last_seen":"2013-06-19T12:24:46"}},{"$distinct_id":"user.linkedin:river$3425","$properties":{"$email":"pat.piket@salesintegrity.com","$first_name":"Patrick","$last_name":"Piket","crm":null,"pro":false,"send_emails":true,"$last_seen":"2013-06-19T11:37:25"}},{"$distinct_id":"user.linkedin:river$3708","$properties":{"$email":"linman@liaison.com","$first_name":"Lyndsey","$last_name":"Inman","crm":true,"pro":true,"send_emails":true,"$last_seen":"2013-06-19T15:55:32"}},{"$distinct_id":"user.linkedin:river$3739","$properties":{"$email":"ruths@energistuk.co.uk","$first_name":"Ruth","$last_name":"Savage","crm":null,"pro":false,"send_emails":true,"$last_seen":"2013-06-19T07:47:24"}},{"$distinct_id":"user.linkedin:river$808","$properties":{"$email":"luke.miller@oracle.com","$first_name":"Luke","$last_name":"Miller","crm":null,"pro":false,"send_emails":false,"$last_seen":"2013-06-19T12:06:15"}},{"$distinct_id":"user.linkedin:river$3749","$properties":{"$email":"krishna@intonenetworks.com","$first_name":"KRISHNA","$last_name":"NELLUTLA","crm":false,"pro":false,"send_emails":true,"$last_seen":"2013-06-19T14:00:05"}},{"$distinct_id":"user.linkedin:river$71","$properties":{"$email":"reubeno@anteogroup.com","$first_name":"Reuben","$last_name":"Obaidullah","crm":true,"pro":false,"send_emails":true,"$last_seen":"2013-06-19T08:08:56"}},{"$distinct_id":"user.linkedin:river$841","$properties":{"$email":"mmatsuoka@corus360.com","$first_name":"Maclane","$last_name":"Matsuoka","crm":null,"pro":false,"send_emails":true,"$last_seen":"2013-06-19T09:46:45"}},{"$distinct_id":"user.linkedin:river$3740","$properties":{"$email":"jsterns@insitemanagedsolutions.com","$first_name":"Jason","$last_name":"Sterns","crm":null,"pro":false,"send_emails":true,"$last_seen":"2013-06-19T11:55:10"}},{"$distinct_id":"user.linkedin:river$3758","$properties":{"$email":"pschnelle@stackoverflow.com","$first_name":"Peter","$last_name":"Schnelle","crm":true,"pro":false,"send_emails":true,"$last_seen":"2013-06-19T16:32:29"}},{"$distinct_id":"user.linkedin:river$3742","$properties":{"$email":"frank.villarroel1@randstadusa.com","$first_name":"Frank","$last_name":"Villarroel","crm":null,"pro":false,"send_emails":true,"$last_seen":"2013-06-19T10:03:35"}},{"$distinct_id":"user.linkedin:river$70","$properties":{"$email":"vmayers@anteogroup.com","$first_name":"Vincent","$last_name":"Mayers","crm":true,"pro":false,"send_emails":true,"$last_seen":"2013-06-19T08:07:18"}},{"$distinct_id":"user.linkedin:river$3730","$properties":{"$email":"glehman@hornsolutions.net","$first_name":"Gary","$last_name":"Lehman","crm":null,"pro":false,"send_emails":true,"$last_seen":"2013-06-19T01:09:16"}},{"$distinct_id":"user.linkedin:river$3380","$properties":{"$email":"william@bitium.com","$first_name":"William","$last_name":"McCullough","crm":true,"pro":false,"send_emails":true,"$last_seen":"2013-06-19T11:18:43"}},{"$distinct_id":"user.linkedin:river$3736","$properties":{"$email":"peter@voluntarybenefitprograms.com","$first_name":"Peter","$last_name":"Toth","crm":null,"pro":false,"send_emails":true,"$last_seen":"2013-06-19T07:25:12"}},{"$distinct_id":"user.linkedin:river$3741","$properties":{"$email":"alex@dynamicsignal.com","$first_name":"Alex","$last_name":"Cramer","crm":null,"pro":false,"send_emails":true,"$last_seen":"2013-06-19T09:57:29"}},{"$distinct_id":"user.linkedin:river$2254","$properties":{"$email":"mwolffe@bullhorn.com","$first_name":"Michael","$last_name":"Wolffe","crm":null,"pro":false,"send_emails":true,"$last_seen":"2013-06-19T09:18:21"}},{"$distinct_id":"user.linkedin:river$2278","$properties":{"$email":"ehirsh@anteogroup.com","$first_name":"Evin","$last_name":"Hirsh","crm":null,"pro":false,"send_emails":true,"$last_seen":"2013-06-19T09:21:37"}},{"$distinct_id":"user.linkedin:river$3757","$properties":{"$email":"ely@elyrosenstock.com","$first_name":"Ely","$last_name":"Rosenstock","crm":null,"pro":false,"send_emails":true,"$last_seen":"2013-06-19T16:09:09"}},{"$distinct_id":"user.linkedin:river$3100","$properties":{"$email":"kyle@<SENDGRID_USER>.com","$first_name":"Kyle","$last_name":"Porter","crm":true,"pro":true,"send_emails":true,"$last_seen":"2013-06-19T16:32:28"}},{"$distinct_id":"user.linkedin:river$3753","$properties":{"$email":"jredlus@argyleforum.com","$first_name":"Jason","$last_name":"Redlus","crm":true,"pro":true,"send_emails":true,"$last_seen":"2013-06-19T16:26:44"}},{"$distinct_id":"user.linkedin:river$1270","$properties":{"$email":"terristark@technisource.com","$first_name":"Terri","$last_name":"Stark","crm":null,"pro":false,"send_emails":true,"$last_seen":"2013-06-19T10:42:10"}},{"$distinct_id":"user.linkedin:river$3751","$properties":{"$email":"cmaultsby@pardot.com","$first_name":"Carrie","$last_name":"Maultsby,
        MBA","crm":true,"pro":true,"send_emails":true,"$last_seen":"2013-06-19T14:34:09"}},{"$distinct_id":"user.linkedin:river$3738","$properties":{"$email":"adrienneh@energistuk.co.uk","$first_name":"Adrienne","$last_name":"Harries","crm":null,"pro":false,"send_emails":true,"$last_seen":"2013-06-19T07:41:59"}},{"$distinct_id":"user.linkedin:river$3744","$properties":{"$email":"kevin.pagan@randstadusa.com","$first_name":"Kevin","$last_name":"Pagan","crm":null,"pro":false,"send_emails":true,"$last_seen":"2013-06-19T10:35:16"}},{"$distinct_id":"user.linkedin:river$3727","$properties":{"$email":"sandy.frisch@pccwteleservices.com","$first_name":"Sandy","$last_name":"Frisch","crm":true,"pro":false,"send_emails":true,"$last_seen":"2013-06-19T16:25:29"}},{"$distinct_id":"user.linkedin:river$121","$properties":{"$email":"charles@charleslumpkin.com","$first_name":"Charles","$last_name":"Lumpkin","crm":null,"pro":false,"send_emails":true,"$last_seen":"2013-06-19T17:28:44"}},{"$distinct_id":"user.linkedin:river$3750","$properties":{"$email":"joe.rhoton@genpact.com","$first_name":"Joe","$last_name":"Rhoton","crm":null,"pro":false,"send_emails":true,"$last_seen":"2013-06-19T14:25:49"}},{"$distinct_id":"user.linkedin:river$160","$properties":{"$email":"guy.swain@questus.ca","$first_name":"Guy
        D.","$last_name":"Swain","crm":null,"pro":false,"send_emails":true,"$last_seen":"2013-06-19T13:24:56"}},{"$distinct_id":"user.linkedin:river$3732","$properties":{"$email":"ian_gallagher@onesource.com","$first_name":"Ian","$last_name":"Gallagher","crm":null,"pro":false,"send_emails":true,"$last_seen":"2013-06-19T06:18:20"}},{"$distinct_id":"user.linkedin:river$602","$properties":{"$email":"dbankmann@cigital.com","$first_name":"Dan","$last_name":"Bankmann","crm":true,"pro":true,"send_emails":true,"$last_seen":"2013-06-19T14:49:40"}},{"$distinct_id":"user.linkedin:river$3748","$properties":{"$email":"lauren.reese@readytalk.com","$first_name":"Lauren","$last_name":"Reese,
        MBA","crm":true,"pro":false,"send_emails":true,"$last_seen":"2013-06-19T13:10:06"}},{"$distinct_id":"user.linkedin:river$317","$properties":{"$email":"j_cohane@yahoo.com","$first_name":"James","$last_name":"Cohane","crm":null,"pro":false,"send_emails":true,"$last_seen":"2013-06-19T09:41:17"}},{"$distinct_id":"user.linkedin:river$3747","$properties":{"$email":"bcampbell@mergeagency.com","$first_name":"Brent","$last_name":"Campbell","crm":null,"pro":false,"send_emails":true,"$last_seen":"2013-06-19T11:58:31"}},{"$distinct_id":"user.linkedin:river$3243","$properties":{"$email":"dmurphy@directworks.com","$first_name":"Dan","$last_name":"Murphy","crm":true,"pro":true,"send_emails":true,"$last_seen":"2013-06-19T08:44:07"}},{"$distinct_id":"user.linkedin:river$3734","$properties":{"$email":"pratik.shevade@euromonitor.com","$first_name":"Pratik","$last_name":"Shevade","crm":null,"pro":false,"send_emails":true,"$last_seen":"2013-06-19T06:34:05"}},{"$distinct_id":"user.linkedin:river$462","$properties":{"$email":"nkristy@preparis.com","$first_name":"Nate","$last_name":"Kristy","crm":null,"pro":false,"send_emails":true,"$last_seen":"2013-06-19T07:24:15"}}]}'
    http_version: 
  recorded_at: Wed, 19 Jun 2013 21:30:36 GMT
recorded_with: VCR 2.4.0
